# Task 11 diagnostic probe — 2026-09-25T08:09:14Z
# target: REAL settled Base Sepolia burn 0x763c2c2c5447a4ba92b0cc408d3fb51d925aa6890670526ed11c6c6d79d0984a (block 47275915)
# probe: AttestationClient(maxRetries=3) pollAttestationByTx(6, hash) with CCTP_POLL_DIAG=1

=== PROBE A: CIRCLE_ATTESTATION_BASE_URL unset (reproduces the 2026-09-25 60/60 failure conditions) ===
[PROBE] mode=unset resolvedBaseUrl=https://iris-api.circle.com
{"ts":"2026-09-25T08:09:15.153Z","level":"debug","ns":"attestation","msg":"Polling CCTP v2 messages","sourceDomain":6,"txHash":"0x763c2c2c5447a4ba92b0cc408d3fb51d925aa6890670526ed11c6c6d79d0984a","attempt":1,"elapsedMs":0}
[DIAG] attempt=1 url=https://iris-api.circle.com/v2/messages/6?transactionHash=0x763c2c2c5447a4ba92b0cc408d3fb51d925aa6890670526ed11c6c6d79d0984a status=404 body={"error":"Message not found for provided parameters"}
[PROBE] onPoll attempt=1 elapsedMs=0
{"ts":"2026-09-25T08:09:16.274Z","level":"debug","ns":"attestation","msg":"Polling CCTP v2 messages","sourceDomain":6,"txHash":"0x763c2c2c5447a4ba92b0cc408d3fb51d925aa6890670526ed11c6c6d79d0984a","attempt":2,"elapsedMs":1121}
[DIAG] attempt=2 url=https://iris-api.circle.com/v2/messages/6?transactionHash=0x763c2c2c5447a4ba92b0cc408d3fb51d925aa6890670526ed11c6c6d79d0984a status=404 body={"error":"Message not found for provided parameters"}
[PROBE] onPoll attempt=2 elapsedMs=1121
{"ts":"2026-09-25T08:09:17.303Z","level":"debug","ns":"attestation","msg":"Polling CCTP v2 messages","sourceDomain":6,"txHash":"0x763c2c2c5447a4ba92b0cc408d3fb51d925aa6890670526ed11c6c6d79d0984a","attempt":3,"elapsedMs":2150}
[DIAG] attempt=3 url=https://iris-api.circle.com/v2/messages/6?transactionHash=0x763c2c2c5447a4ba92b0cc408d3fb51d925aa6890670526ed11c6c6d79d0984a status=404 body={"error":"Message not found for provided parameters"}
[PROBE] onPoll attempt=3 elapsedMs=2150
{"ts":"2026-09-25T08:09:17.592Z","level":"error","ns":"attestation","msg":"Attestation v2 polling timed out","txHash":"0x763c2c2c5447a4ba92b0cc408d3fb51d925aa6890670526ed11c6c6d79d0984a","sourceDomain":6,"attempts":3,"totalElapsedMs":2439}
[PROBE] FAILED Attestation polling timed out for transaction 0x763c2c2c5447a4ba92b0cc408d3fb51d925aa6890670526ed11c6c6d79d0984a after 2439ms.

=== PROBE B: CIRCLE_ATTESTATION_BASE_URL=https://iris-api-sandbox.circle.com ===
[PROBE] mode=https://iris-api-sandbox.circle.com resolvedBaseUrl=https://iris-api-sandbox.circle.com
{"ts":"2026-09-25T08:09:18.412Z","level":"debug","ns":"attestation","msg":"Polling CCTP v2 messages","sourceDomain":6,"txHash":"0x763c2c2c5447a4ba92b0cc408d3fb51d925aa6890670526ed11c6c6d79d0984a","attempt":1,"elapsedMs":0}
[DIAG] attempt=1 url=https://iris-api-sandbox.circle.com/v2/messages/6?transactionHash=0x763c2c2c5447a4ba92b0cc408d3fb51d925aa6890670526ed11c6c6d79d0984a status=200 body={"messages":[{"attestation":"0x2e79a7ad4e110ebea8374e6c17e38d92078ee8ce2fbaa9417d157bc450be720f434448cf50b9941f41b7797d03e765e319c9578d1d30639889fd05eff0d256471c84697b41068a4f30277f9980d082fd7fee6d0ee
[PROBE] RESULT {"status":"complete","attempts":1,"elapsedTimeMs":0,"finalityThresholdExecuted":1000,"delayReason":null,"messageLen":754,"attestationLen":262}
