[STEP] [burn] maxFee=13 quoted 1.3bps (threshold 1000) mode=fast
[STEP] [burn] evm=0xEDD1b3b72e41D16425075Eabe699612FE22C0e63 chain=84532 amount=100000 maxFee=13 mode=fast
[EVENT] [burn] txHash=0x6834e1b66d8b7ea856ac42d6f5ec12810fb7d6ce81d5de20fed341887956c3a6
[INFO] account funded, USDC balance before=0.0999870
[INFO] forwarder live (ledger ?)
[STEP] [receive] domain=6 amount=100000

=== captured stdout (clean run, exit 1) ===
{"settled":false,"code":"INTERNAL","error":"Mint transaction 11ed77ba77d8ef5921a3b1dff3e8c679eb9d7fa935034d34c052bc0bbdc74cb8 for burn transaction <0x-prefixed CCTP message hex> is unconfirmed: no SUCCESS observed within the confirmation window.","next":"Re-run; replay store makes receive() idempotent."}

=== captured stderr (tail) ===
[STEP] [burn] maxFee=13 quoted 1.3bps (threshold 1000) mode=fast
[STEP] [burn] evm=0xEDD1b3b72e41D16425075Eabe699612FE22C0e63 chain=84532 amount=100000 maxFee=13 mode=fast
[EVENT] [burn] txHash=0x6834e1b66d8b7ea856ac42d6f5ec12810fb7d6ce81d5de20fed341887956c3a6
[INFO] account funded, USDC balance before=0.0999870
[INFO] forwarder live (ledger ?)
[STEP] [receive] domain=6 amount=100000
{"msg":"Starting CCTP attestation polling","burnTxHash":"0x6834e1b66d8b7ea856ac42d6f5ec12810fb7d6ce81d5de20fed341887956c3a6","sourceDomain":6}
{"msg":"Polling CCTP v2 messages","attempt":1,"elapsedMs":0}
{"msg":"Polling CCTP v2 messages","attempt":2,"elapsedMs":2468}
{"msg":"Polling CCTP v2 messages","attempt":3,"elapsedMs":5747}
{"msg":"Polling CCTP v2 messages","attempt":4,"elapsedMs":10567}
